// Jest Snapshot v1, https://goo.gl/fbAQLP

exports[`BuyNowBtn snapshot should match BuyNowBtn.jsx snapshot 1`] = `
<button>
  Buy Now
</button>
`;

exports[`HomeContent snapshot should match HomeContent.jsx snapshot 1`] = `
<div
  className="home-content"
>
  <CardGroup
    className="food-list"
    doubling={true}
    items={Array []}
    itemsPerRow={4}
    stackable={true}
  />
</div>
`;
