// Jest Snapshot v1, https://goo.gl/fbAQLP

exports[`NavBar.jsx NavBar snapshot should match NavBar.jsx snapshot 1`] = `
<Menu
  borderless={true}
  className="nav-bar"
>
  <MenuMenu
    position="left"
  >
    <MenuItem>
      <Link
        replace={false}
        to="/"
      >
        <h1>
          FastFoodFast
        </h1>
      </Link>
    </MenuItem>
  </MenuMenu>
  <MenuMenu
    className="desktop"
    position="right"
  >
    <MenuItem>
      <Link
        replace={false}
        to="/register"
      >
        <div>
          Register
        </div>
      </Link>
    </MenuItem>
    <MenuItem>
      <Link
        replace={false}
        to="/login"
      >
        <div>
          Login
        </div>
      </Link>
    </MenuItem>
  </MenuMenu>
  <MenuMenu
    className="mobile"
    position="right"
  >
    <Accordion
      as="item"
    >
      <AccordionTitle
        active={false}
        onClick={[Function]}
      >
        <Icon
          as="i"
          inverted={true}
          name="bars"
          size="big"
        />
      </AccordionTitle>
      <AccordionContent
        active={false}
        as="menu"
        className="accordion-content"
      >
        <MenuItem>
          <Link
            replace={false}
            to="/register"
          >
            <div>
              Register
            </div>
          </Link>
        </MenuItem>
        <MenuItem>
          <Link
            replace={false}
            to="/login"
          >
            <div>
              Login
            </div>
          </Link>
        </MenuItem>
      </AccordionContent>
    </Accordion>
  </MenuMenu>
</Menu>
`;
