// Jest Snapshot v1, https://goo.gl/fbAQLP

exports[`NavBar.jsx NavBar snapshot should match NavBar.jsx snapshot 1`] = `
<Menu
  borderless={true}
  className="nav-bar"
>
  <MenuMenu
    position="left"
  >
    <MenuItem>
      <Link
        replace={false}
        to="/"
      >
        <h1>
          FastFoodFast
        </h1>
      </Link>
    </MenuItem>
  </MenuMenu>
  <MenuMenu
    className="desktop"
    position="right"
  >
    <MenuItem
      as="div"
      onClick={null}
    >
      <Link
        replace={false}
        to="/register"
      >
        <withRouter(AuthModalComponent)
          text="Register"
        >
          <Connect(AuthFormComponent)
            formType="Register"
          />
        </withRouter(AuthModalComponent)>
      </Link>
    </MenuItem>
    <MenuItem
      as="div"
      onClick={null}
    >
      <Link
        replace={false}
        to="/login"
      >
        <withRouter(AuthModalComponent)
          text="Login"
        >
          <Connect(AuthFormComponent)
            formType="Login"
          />
        </withRouter(AuthModalComponent)>
      </Link>
    </MenuItem>
  </MenuMenu>
  <MenuMenu
    className="mobile"
    position="right"
  >
    <Accordion
      as="item"
    >
      <AccordionTitle
        active={false}
        onClick={[Function]}
      >
        <Icon
          as="i"
          inverted={true}
          name="bars"
          size="big"
        />
      </AccordionTitle>
      <AccordionContent
        active={false}
        as="menu"
        className="accordion-content"
      >
        <MenuItem
          as="div"
          onClick={null}
        >
          <Link
            replace={false}
            to="/register"
          >
            <withRouter(AuthModalComponent)
              text="Register"
            >
              <Connect(AuthFormComponent)
                formType="Register"
              />
            </withRouter(AuthModalComponent)>
          </Link>
        </MenuItem>
        <MenuItem
          as="div"
          onClick={null}
        >
          <Link
            replace={false}
            to="/login"
          >
            <withRouter(AuthModalComponent)
              text="Login"
            >
              <Connect(AuthFormComponent)
                formType="Login"
              />
            </withRouter(AuthModalComponent)>
          </Link>
        </MenuItem>
      </AccordionContent>
    </Accordion>
  </MenuMenu>
  <ToastContainer
    autoClose={3000}
    bodyClassName={null}
    className={null}
    closeButton={
      <CloseButton
        ariaLabel="close"
      />
    }
    closeOnClick={true}
    draggable={true}
    draggablePercent={80}
    hideProgressBar={false}
    newestOnTop={false}
    pauseOnFocusLoss={true}
    pauseOnHover={true}
    position="top-right"
    progressClassName={null}
    progressStyle={null}
    rtl={false}
    style={null}
    toastClassName={null}
    transition={[Function]}
  />
</Menu>
`;
